2025-07-20 20:39:50,167 - INFO - Program start.....
2025-07-20 20:39:51,255 - INFO - screenshot was successfully taken
2025-07-20 20:39:51,478 - INFO - screenshot was successfully saved in the c:\Users\Shanmugam\Desktop\Projects\Screenshot path 
2025-07-20 20:41:51,588 - INFO - Program start.....
2025-07-20 20:41:52,633 - INFO - screenshot was successfully taken
2025-07-20 20:41:52,706 - INFO - the image :image_20-07-2025-20-41-52.gif
2025-07-20 20:41:52,852 - INFO - screenshot was successfully saved in the c:\Users\Shanmugam\Desktop\Projects\Screenshot path 
2025-07-20 20:43:17,202 - INFO - Program start.....
2025-07-20 20:43:17,208 - INFO - successfully deleted image:image_name
2025-07-20 20:43:17,213 - INFO - successfully deleted image:image_name
2025-07-20 20:43:17,217 - INFO - successfully deleted image:image_name
2025-07-20 20:43:18,289 - INFO - screenshot was successfully taken
2025-07-20 20:43:18,363 - INFO - the image :image_20-07-2025-20-43-18.gif
2025-07-20 20:43:18,533 - INFO - screenshot was successfully saved in the c:\Users\Shanmugam\Desktop\Projects\Screenshot path 
2025-07-20 20:44:03,379 - INFO - Program start.....
2025-07-20 20:44:03,383 - INFO - successfully deleted image:image_20-07-2025-20-43-18.gif
2025-07-20 20:44:04,442 - INFO - screenshot was successfully taken
2025-07-20 20:44:04,523 - INFO - the image :image_20-07-2025-20-44-04.gif
2025-07-20 20:44:04,680 - INFO - screenshot was successfully saved in the c:\Users\Shanmugam\Desktop\Projects\Screenshot path 
2025-07-20 20:45:07,023 - INFO - Program start.....
2025-07-20 20:45:07,028 - INFO - successfully deleted image:image_20-07-2025-20-44-04.gif
2025-07-20 20:45:08,085 - INFO - screenshot was successfully taken
2025-07-20 20:45:08,166 - INFO - the saved image :image_20-07-2025-20-45-08.gif
2025-07-20 20:45:08,320 - INFO - screenshot was successfully saved in the c:\Users\Shanmugam\Desktop\Projects\Screenshot path 
2025-07-20 20:45:08,320 - INFO - Program end....
2025-07-20 20:45:28,289 - INFO - Program start.....
2025-07-20 20:45:28,293 - INFO - successfully deleted image:image_20-07-2025-20-45-08.gif
2025-07-20 20:45:29,333 - INFO - screenshot was successfully taken
2025-07-20 20:45:29,413 - INFO - the saved image :image_20-07-2025-20-45-29.gif
2025-07-20 20:45:29,553 - INFO - screenshot was successfully saved in the c:\Users\Shanmugam\Desktop\Projects\Screenshot path 
2025-07-20 20:45:29,553 - INFO - Program end....
2025-07-20 20:46:52,956 - INFO - Program start.....
2025-07-20 20:46:53,997 - INFO - screenshot was successfully taken
2025-07-20 20:46:54,075 - INFO - the saved image :image_20-07-2025-20-46-54.jpg
2025-07-20 20:46:54,091 - INFO - screenshot was successfully saved in the c:\Users\Shanmugam\Desktop\Projects\Screenshot path 
2025-07-20 20:46:54,091 - INFO - Program end....
2025-07-20 20:47:42,014 - INFO - Program start.....
2025-07-20 20:47:43,092 - INFO - screenshot was successfully taken
2025-07-20 20:47:43,195 - INFO - the saved image :image_20-07-2025-20-47-43.jpg
2025-07-20 20:47:43,206 - INFO - screenshot was successfully saved in the c:\Users\Shanmugam\Desktop\Projects\Screenshot path 
2025-07-20 20:47:43,206 - INFO - Program end....
2025-07-20 20:48:06,682 - INFO - Program start.....
2025-07-20 20:48:07,737 - INFO - screenshot was successfully taken
2025-07-20 20:48:07,823 - INFO - the saved image :image_20-07-2025-20-48-07.jpg
2025-07-20 20:48:07,833 - INFO - screenshot was successfully saved in the c:\Users\Shanmugam\Desktop\Projects\Screenshot path 
2025-07-20 20:48:07,833 - INFO - Program end....
2025-07-20 20:48:31,020 - INFO - Program start.....
2025-07-20 20:48:31,026 - INFO - successfully deleted image:image_20-07-2025-20-45-29.gif
2025-07-20 20:48:32,070 - INFO - screenshot was successfully taken
2025-07-20 20:48:32,174 - INFO - the saved image :image_20-07-2025-20-48-32.gif
2025-07-20 20:48:32,354 - INFO - screenshot was successfully saved in the c:\Users\Shanmugam\Desktop\Projects\Screenshot path 
2025-07-20 20:48:32,354 - INFO - Program end....
2025-07-20 20:48:56,903 - INFO - Program start.....
2025-07-20 20:48:56,908 - INFO - successfully deleted image:image_20-07-2025-20-48-32.gif
2025-07-20 20:48:57,974 - INFO - screenshot was successfully taken
2025-07-20 20:48:58,249 - INFO - the saved image :image_20-07-2025-20-48-58.gif
2025-07-20 20:48:58,816 - INFO - screenshot was successfully saved in the c:\Users\Shanmugam\Desktop\Projects\Screenshot path 
2025-07-20 20:48:58,816 - INFO - Program end....
2025-07-20 20:49:00,741 - INFO - Program start.....
2025-07-20 20:49:00,744 - INFO - successfully deleted image:image_20-07-2025-20-48-58.gif
2025-07-20 20:49:01,809 - INFO - screenshot was successfully taken
2025-07-20 20:49:02,031 - INFO - the saved image :image_20-07-2025-20-49-02.gif
2025-07-20 20:49:02,605 - INFO - screenshot was successfully saved in the c:\Users\Shanmugam\Desktop\Projects\Screenshot path 
2025-07-20 20:49:02,606 - INFO - Program end....
2025-07-20 20:49:20,567 - INFO - Program start.....
2025-07-20 20:49:20,571 - INFO - successfully deleted image:image_20-07-2025-20-49-02.gif
2025-07-20 20:49:21,620 - INFO - screenshot was successfully taken
2025-07-20 20:49:21,698 - INFO - the saved image :image_20-07-2025-20-49-21.gif
2025-07-20 20:49:21,841 - INFO - screenshot was successfully saved in the c:\Users\Shanmugam\Desktop\Projects\Screenshot path 
2025-07-20 20:49:21,841 - INFO - Program end....
2025-07-20 20:49:51,739 - INFO - Program start.....
2025-07-20 20:49:52,793 - INFO - screenshot was successfully taken
2025-07-20 20:49:52,958 - INFO - the saved image :image_20-07-2025-20-49-52.jpg
2025-07-20 20:49:52,971 - INFO - screenshot was successfully saved in the c:\Users\Shanmugam\Desktop\Projects\Screenshot path 
2025-07-20 20:49:52,972 - INFO - Program end....
2025-07-20 20:50:24,979 - INFO - Program start.....
2025-07-20 20:50:24,983 - INFO - successfully deleted image:image_20-07-2025-20-49-21.gif
2025-07-20 20:50:26,032 - INFO - screenshot was successfully taken
2025-07-20 20:50:26,196 - INFO - the saved image :image_20-07-2025-20-50-26.gif
2025-07-20 20:50:26,453 - INFO - screenshot was successfully saved in the c:\Users\Shanmugam\Desktop\Projects\Screenshot path 
2025-07-20 20:50:26,453 - INFO - Program end....
2025-07-20 20:50:28,929 - INFO - Program start.....
2025-07-20 20:50:28,932 - INFO - successfully deleted image:image_20-07-2025-20-50-26.gif
2025-07-20 20:50:29,997 - INFO - screenshot was successfully taken
2025-07-20 20:50:30,078 - INFO - the saved image :image_20-07-2025-20-50-30.gif
2025-07-20 20:50:30,237 - INFO - screenshot was successfully saved in the c:\Users\Shanmugam\Desktop\Projects\Screenshot path 
2025-07-20 20:50:30,237 - INFO - Program end....
2025-07-20 20:50:48,151 - INFO - Program start.....
2025-07-20 20:50:48,155 - INFO - successfully deleted image:image_20-07-2025-20-50-30.gif
2025-07-20 20:50:49,206 - INFO - screenshot was successfully taken
2025-07-20 20:50:49,317 - INFO - the saved image :image_20-07-2025-20-50-49.gif
2025-07-20 20:50:49,483 - INFO - screenshot was successfully saved in the c:\Users\Shanmugam\Desktop\Projects\Screenshot path 
2025-07-20 20:50:49,483 - INFO - Program end....
2025-07-20 20:51:46,077 - INFO - Program start.....
2025-07-20 20:51:46,080 - INFO - successfully deleted image:image_20-07-2025-20-50-49.gif
2025-07-20 20:51:47,136 - INFO - screenshot was successfully taken
2025-07-20 20:51:47,228 - INFO - the saved image :image_20-07-2025-20-51-47.gif
2025-07-20 20:51:47,400 - INFO - screenshot was successfully saved in the c:\Users\Shanmugam\Desktop\Projects\Screenshot path 
2025-07-20 20:51:47,400 - INFO - Program end....
2025-07-20 20:52:01,255 - INFO - Program start.....
2025-07-20 20:52:02,303 - INFO - screenshot was successfully taken
2025-07-20 20:52:02,451 - INFO - the saved image :image_20-07-2025-20-52-02.jpg
2025-07-20 20:52:02,459 - INFO - screenshot was successfully saved in the c:\Users\Shanmugam\Desktop\Projects\Screenshot path 
2025-07-20 20:52:02,459 - INFO - Program end....
2025-07-20 20:52:26,571 - INFO - Program start.....
2025-07-20 20:52:27,621 - INFO - screenshot was successfully taken
2025-07-20 20:52:27,789 - INFO - the saved image :image_20-07-2025-20-52-27.jpg
2025-07-20 20:52:27,797 - INFO - screenshot was successfully saved in the c:\Users\Shanmugam\Desktop\Projects\Screenshot path 
2025-07-20 20:52:27,797 - INFO - Program end....
2025-07-20 21:06:29,674 - ERROR - Missing config.ini file. Application cannot continue.
2025-07-20 21:07:01,498 - INFO - Program start.....
2025-07-20 21:07:01,502 - INFO - successfully deleted image:image_20-07-2025-20-51-47.gif
2025-07-20 21:07:02,551 - INFO - screenshot was successfully taken
2025-07-20 21:07:02,640 - INFO - the saved image :image_20-07-2025-21-07-02.gif
2025-07-20 21:07:02,777 - INFO - screenshot was successfully saved in the c:\Users\Shanmugam\Desktop\Projects\Screenshot path 
2025-07-20 21:07:02,778 - INFO - Program end....
2025-07-20 21:07:51,414 - INFO - Program start.....
2025-07-20 21:07:52,479 - INFO - screenshot was successfully taken
2025-07-20 21:07:52,701 - INFO - the saved image :image_20-07-2025-21-07-52.gif
2025-07-20 21:07:53,109 - INFO - screenshot was successfully saved in the c:\Users\Shanmugam\Desktop\Projects\Screenshot path 
2025-07-20 21:07:53,110 - INFO - Program end....
